[     338ms] [WARNING] The AudioContext was not allowed to start. It must be resumed (or created) after a user gesture on the page. https://developer.chrome.com/blog/autoplay/#web_audio @ http://localhost:5173/src/engine/guqin.js?t=1790956166605:83
[     339ms] [LOG] [pose] wasm · 读取本地推理运行时 @ http://localhost:5173/src/engine/poseEngine.js:136
[     397ms] [LOG] [pose] model · 加载姿态模型（约 5.5MB，本地文件） @ http://localhost:5173/src/engine/poseEngine.js:136
[     406ms] [WARNING] The AudioContext was not allowed to start. It must be resumed (or created) after a user gesture on the page. https://developer.chrome.com/blog/autoplay/#web_audio @ http://localhost:5173/src/engine/guqin.js?t=1790956166605:83
[     406ms] [WARNING] The AudioContext was not allowed to start. It must be resumed (or created) after a user gesture on the page. https://developer.chrome.com/blog/autoplay/#web_audio @ http://localhost:5173/src/engine/guqin.js?t=1790956166605:83
[     406ms] [WARNING] The AudioContext was not allowed to start. It must be resumed (or created) after a user gesture on the page. https://developer.chrome.com/blog/autoplay/#web_audio @ http://localhost:5173/src/engine/guqin.js?t=1790956166605:83
[     406ms] [WARNING] The AudioContext was not allowed to start. It must be resumed (or created) after a user gesture on the page. https://developer.chrome.com/blog/autoplay/#web_audio @ http://localhost:5173/src/engine/guqin.js?t=1790956166605:83
[     406ms] [WARNING] The AudioContext was not allowed to start. It must be resumed (or created) after a user gesture on the page. https://developer.chrome.com/blog/autoplay/#web_audio @ http://localhost:5173/src/engine/guqin.js?t=1790956166605:83
[     407ms] [WARNING] The AudioContext was not allowed to start. It must be resumed (or created) after a user gesture on the page. https://developer.chrome.com/blog/autoplay/#web_audio @ http://localhost:5173/src/engine/guqin.js?t=1790956166605:83
[     407ms] [WARNING] The AudioContext was not allowed to start. It must be resumed (or created) after a user gesture on the page. https://developer.chrome.com/blog/autoplay/#web_audio @ http://localhost:5173/src/engine/guqin.js?t=1790956166605:83
[     557ms] [LOG] I1002 17:14:18.512000 2136208 gl_context.cc:407] GL version: 3.0 (OpenGL ES 3.0 (WebGL 2.0 (OpenGL ES 3.0 Chromium))), renderer: WebKit WebGL @ http://localhost:5173/wasm/vision_wasm_internal.js:4659
[     558ms] [WARNING] W1002 17:14:18.512999 2136208 gl_context.cc:1118] OpenGL error checking is disabled @ http://localhost:5173/wasm/vision_wasm_internal.js:8350
[     559ms] [LOG] Graph successfully started running. @ http://localhost:5173/wasm/vision_wasm_internal.js:1370
[     560ms] [LOG] [pose] model · 就绪（GPU） @ http://localhost:5173/src/engine/poseEngine.js:136
[     987ms] [LOG] [pose] camera · 打开默认摄像头 @ http://localhost:5173/src/engine/poseEngine.js:136
[     987ms] [LOG] [stage] camera 打开默认摄像头 @ http://localhost:5173/src/views/TrainView.vue?t=1790961010730:198
[     987ms] [ERROR] NotAllowedError: Permission denied @ http://localhost:5173/src/views/TrainView.vue?t=1790961010730:236
[     992ms] [INFO] [fallback] 切预录：摄像头初始化失败：Permission denied（预热已就绪，播放耗时 502ms） @ http://localhost:5173/src/engine/fallback.js?t=1790957217198:175
[   12871ms] [INFO] [fallback] 退出预录： 手动切回 @ http://localhost:5173/src/views/TrainView.vue?t=1790961010730:301
[   12871ms] [INFO] [fallback] 回到实时画面 @ http://localhost:5173/src/engine/fallback.js?t=1790957217198:186
[   12871ms] [LOG] [pose] camera · 打开默认摄像头 @ http://localhost:5173/src/engine/poseEngine.js:136
[   12871ms] [LOG] [stage] camera 打开默认摄像头 @ http://localhost:5173/src/views/TrainView.vue?t=1790961010730:198
[   12875ms] [ERROR] NotAllowedError: Permission denied @ http://localhost:5173/src/views/TrainView.vue?t=1790961010730:321
